gcc -g p3original.c
îº§ gdb a.out 
GNU gdb (Ubuntu 8.1.1-0ubuntu1) 8.1.1
Copyright (C) 2018 Free Software Foundation, Inc.
License GPLv3+: GNU GPL version 3 or later <http://gnu.org/licenses/gpl.html>
This is free software: you are free to change and redistribute it.
There is NO WARRANTY, to the extent permitted by law.  Type "show copying"
and "show warranty" for details.
This GDB was configured as "x86_64-linux-gnu".
Type "show configuration" for configuration details.
For bug reporting instructions, please see:
<http://www.gnu.org/software/gdb/bugs/>.
Find the GDB manual and other documentation resources online at:
<http://www.gnu.org/software/gdb/documentation/>.
For help, type "help".
Type "apropos word" to search for commands related to "word"...
Reading symbols from a.out...done.
(gdb) b main 
Breakpoint 1 at 0x772: file p3original.c, line 10.
(gdb) r
Starting program: /home/runner/Test2Session1/a.out 
warning: Error disabling address space randomization: Operation not permitted

Breakpoint 1, main () at p3original.c:10
10    n=input_number();
(gdb) s
input_number () at p3original.c:18
18  {
(gdb) n
20    printf("enter the number\n");
(gdb) n
enter the number
21    scanf("%d",&n);
(gdb) n
n
22    return n;
(gdb) n
23  }
(gdb) n
main () at p3original.c:11
11    isprime=is_prime(n);
(gdb) s
is_prime (n=32604) at p3original.c:27
27    int i, temp = 0;
(gdb) n
28    if (n == 0 || n == 1)
(gdb) n
30    for (i = 2; i <= n / 2; ++i) 
(gdb) n
31    if (n % i == 0)
(gdb) n
33     temp = 1;
(gdb) n
34     break;
(gdb) n
36    return temp;
(gdb) n
37  }
(gdb) n
main () at p3original.c:12
12    output(n,isprime);
(gdb) s
output (n=32604, isprime=1) at p3original.c:41
41    if (isprime == 0)
(gdb) n
44    printf("%d is not a prime number.\n", n);
(gdb) n
32604 is not a prime number.
45  }
(gdb) c
Continuing.
[Inferior 1 (process 1065) exited normally]
(gdb) q

